HI-TECH Software C Compiler 

Linker command line:

\
  --edf=D:\OneDrive\SmarRF\MCU\MC82\IDE\ORIGINIDE_V2.0.9\Program Files (x86)\HI-TECH Software\PICC\9.83\dat\en_msgs.txt \
  -cs -h+smartkey.sym -z -Q16F685 -ol.obj -Msmartkey.map -E1 \
  -ACONST=00h-0FFhx8 -ACODE=00h-07FFh -ASTRCODE=00h-07FFh \
  -AENTRY=00h-0FFhx8 -ASTRING=00h-0FFhx8 -ABANK0=020h-06Fh \
  -ABANK1=0A0h-0BFh -ARAM=020h-06Fh,0A0h-0BFh -AABS1=020h-07Fh,0A0h-0BFh \
  -ACOMMON=070h-07Fh -ASFR0=00h-01Fh -ASFR1=080h-09Fh -ASFR2=0100h-016Fh \
  -preset_vec=00h,intentry=04h,init,end_init -ppowerup=CODE -pfunctab=CODE \
  -ACONFIG=02007h-02007h -pconfig=CONFIG -DCONFIG=2 -AIDLOC=02000h-02003h \
  -pidloc=IDLOC -DIDLOC=2 -AEEDATA=00h-07Fh/02100h -peeprom_data=EEDATA \
  -DEEDATA=2 -DCODE=2 -DSTRCODE=2 -DSTRING=2 -DCONST=2 -DENTRY=2 -k \
  startup.obj smartkey.obj 

Object code version is 3.10

Machine type is 16F685



                Name                               Link     Load   Length Selector   Space Scale
startup.obj     end_init                              A        A        1        8       0
                reset_vec                             0        0        1        0       0
smartkey.obj    intentry                              4        4        6        8       0
                text593                             55B      55B       11        8       0
                text592                             58B      58B        F        8       0
                text591                             5D7      5D7        A      B6A       0
                text590                             538      538       12        8       0
                text589                             5E1      5E1        9      B6A       0
                text588                             485      485       1F        8       0
                text587                             425      425       21        8       0
                text586                             4F7      4F7       18        8       0
                text585                             5C2      5C2        B      B6A       0
                text584                             59A      59A        E        8       0
                text583                             4DC      4DC       1B        8       0
                text582                             5CD      5CD        A      B6A       0
                text581                             54A      54A       11        8       0
                text580                             402      402       23        8       0
                text579                             22C      22C      14D        8       0
                text578                             56C      56C       10        8       0
                text577                             4C0      4C0       1C        8       0
                text576                             3B4      3B4       28        8       0
                text575                             526      526       12        8       0
                text574                             4A4      4A4       1C        8       0
                text573                             5B5      5B5        D      B6A       0
                text572                             3DC      3DC       26        8       0
                text571                             379      379       3B        8       0
                text570                             446      446       20        8       0
                swtext1                             5EA      5EA        8      BD4       0
                maintext                              B        B      221        8       0
                cstackBANK0                          3F       3F       1B       20       1
                cstackCOMMON                         70       70        C       70       1
                inittext                            57C      57C        F        8       0
                dataBANK0                            20       20       1F       20       1
                bssBANK0                             5A       5A        B       20       1
                cinit                               50F      50F       17        8       0
                strings                             5A8      5A8        D      B50       0
                idataBANK0                          466      466       1F        8       0

TOTAL           Name                               Link     Load   Length     Space
        CLASS   CONST          
                swtext1                             5EA      5EA        8         0

        CLASS   CODE           
                end_init                              A        A        1         0
                intentry                              4        4        6         0
                reset_vec                             0        0        1         0
                text593                             55B      55B       11         0
                text592                             58B      58B        F         0
                text591                             5D7      5D7        A         0
                text590                             538      538       12         0
                text589                             5E1      5E1        9         0
                text588                             485      485       1F         0
                text587                             425      425       21         0
                text586                             4F7      4F7       18         0
                text585                             5C2      5C2        B         0
                text584                             59A      59A        E         0
                text583                             4DC      4DC       1B         0
                text582                             5CD      5CD        A         0
                text581                             54A      54A       11         0
                text580                             402      402       23         0
                text579                             22C      22C      14D         0
                text578                             56C      56C       10         0
                text577                             4C0      4C0       1C         0
                text576                             3B4      3B4       28         0
                text575                             526      526       12         0
                text574                             4A4      4A4       1C         0
                text573                             5B5      5B5        D         0
                text572                             3DC      3DC       26         0
                text571                             379      379       3B         0
                text570                             446      446       20         0
                maintext                              B        B      221         0
                inittext                            57C      57C        F         0
                cinit                               50F      50F       17         0
                idataBANK0                          466      466       1F         0

        CLASS   STRCODE        

        CLASS   ENTRY          

        CLASS   STRING         
                strings                             5A8      5A8        D         0

        CLASS   BANK0          
                cstackBANK0                          3F       3F       1B         1
                dataBANK0                            20       20       1F         1
                bssBANK0                             5A       5A        B         1

        CLASS   BANK1          

        CLASS   RAM            

        CLASS   ABS1           
                abs_s1                               7E       7E        2         1
                abs_s1                              18C      18C        1         1
                abs_s1                              19D      19D        2         1

        CLASS   COMMON         
                cstackCOMMON                         70       70        C         1

        CLASS   SFR0           

        CLASS   SFR1           

        CLASS   SFR2           

        CLASS   CONFIG         

        CLASS   IDLOC          

        CLASS   EEDATA         

        CLASS   BANK2          



SEGMENTS        Name                           Load    Length   Top    Selector   Space  Class     Delta

                reset_vec                      000000  000001  000001         0       0  CODE        2
                intentry                       000004  0005A4  0005A8         8       0  CODE        2
                dataBANK0                      000020  000045  000065        20       1  BANK0       1
                cstackCOMMON                   000070  00000C  00007C        70       1  COMMON      1
                strings                        0005A8  00000D  0005B5       B50       0  STRING      2
                text573                        0005B5  000035  0005EA       B6A       0  CODE        2
                swtext1                        0005EA  000008  0005F2       BD4       0  CONST       2


UNUSED ADDRESS RANGES

        Name                Unused          Largest block    Delta
        BANK0            065-06F             B           1
        BANK1            0A0-0BF            20           1
        CODE             001-003             3           2
                         5F2-7FF           20E
        COMMON           07C-07D             2           1
        CONFIG           2007-2007             1           2
        CONST            001-003             3           2
                         5F2-7FF           100
        EEDATA           2100-217F            80           2
        ENTRY            001-003             3           2
                         5F2-7FF           100
        IDLOC            2000-2003             4           2
        RAM              065-06F             B           1
                         0A0-0BF            20
        SFR0             000-01F            20           1
        SFR1             080-09F            20           1
        SFR2             100-16F            70           1
        STRCODE          001-003             3           2
                         5F2-7FF           20E
        STRING           001-003             3           2
                         5F2-7FF           100

                                  Symbol Table

??_ISR                      cstackCOMMON 070
??_SET_EPWM_ON              cstackCOMMON 072
??_SendNum                  cstackCOMMON 075
??___bmul                   cstackCOMMON 073
??___lbdiv                  cstackCOMMON 073
??_beep                     cstackCOMMON 076
??_comArr                   cstackCOMMON 075
??_delay_x10ms              cstackCOMMON 072
??_eepromReadBlock          cstackCOMMON 076
??_eepromReadByte           cstackCOMMON 072
??_eepromWriteBlock         cstackCOMMON 078
??_eepromWriteByte          cstackCOMMON 073
??_get_RFID                 cstackCOMMON 077
??_gpio_init                cstackCOMMON 072
??_id_clear                 cstackCOMMON 07C
??_id_replate               cstackBANK0  041
??_id_search                cstackCOMMON 07B
??_int_init                 cstackCOMMON 072
??_main                     cstackBANK0  053
??_setState                 cstackCOMMON 074
??_swUartSendByte           cstackCOMMON 072
??_swUartSendString         cstackCOMMON 075
??_sys_init                 cstackCOMMON 072
??_timerOut                 cstackCOMMON 074
??_timer_init               cstackCOMMON 072
?_ISR                       cstackCOMMON 070
?_SET_EPWM_ON               cstackCOMMON 070
?_SendNum                   cstackCOMMON 070
?___bmul                    cstackCOMMON 072
?___lbdiv                   cstackCOMMON 072
?_beep                      cstackCOMMON 075
?_comArr                    cstackCOMMON 072
?_delay_x10ms               cstackCOMMON 070
?_eepromReadBlock           cstackCOMMON 074
?_eepromReadByte            cstackCOMMON 070
?_eepromWriteBlock          cstackCOMMON 076
?_eepromWriteByte           cstackCOMMON 072
?_get_RFID                  cstackCOMMON 070
?_gpio_init                 cstackCOMMON 070
?_id_clear                  cstackBANK0  043
?_id_replate                cstackBANK0  03F
?_id_search                 cstackCOMMON 07A
?_int_init                  cstackCOMMON 070
?_main                      cstackCOMMON 070
?_setState                  cstackCOMMON 072
?_swUartSendByte            cstackCOMMON 070
?_swUartSendString          cstackCOMMON 070
?_sys_init                  cstackCOMMON 070
?_timerOut                  cstackCOMMON 072
?_timer_init                cstackCOMMON 070
SendNum@nib                 cstackCOMMON 07A
SendNum@num                 cstackCOMMON 079
_C1SEN                      (abs)        CF5
_C2REN                      (abs)        CF4
_EEADR                      (abs)        09B
_EECON1                     (abs)        09C
_EEDAT                      (abs)        09A
_EEIF                       (abs)        067
_EEPGD                      (abs)        C67
_EPWM1AUX                   (abs)        090
_EPWM1CON                   (abs)        015
_EPWMR1L                    (abs)        013
_GIE                        (abs)        05F
_HTS                        (abs)        47A
_INTCON                     (abs)        00B
_ISR                        text593      55B
_OPTION                     (abs)        081
_OSCCON                     (abs)        08F
_PEIE                       (abs)        05E
_PIE1                       (abs)        08C
_PIR1                       (abs)        00C
_PORTA                      (abs)        005
_PORTC                      (abs)        007
_PR2                        (abs)        092
_PSTRCON                    (abs)        19D
_PULSR                      (abs)        CF2
_PULSS                      (abs)        CF3
_PWM1CON                    (abs)        016
_PwInNum                    bssBANK0     05E
_RA2                        (abs)        02A
_RA3                        (abs)        02B
_RA4                        (abs)        02C
_RC0                        (abs)        038
_RC1                        (abs)        039
_RD                         (abs)        4E0
_SET_EPWM_ON                text586      4F7
_SR0                        (abs)        CF6
_SR1                        (abs)        CF7
_SRCON                      (abs)        19E
_STRA                       (abs)        CE8
_STRB                       (abs)        CE9
_STRC                       (abs)        CEA
_STRD                       (abs)        CEB
_STRSYNC                    (abs)        CEC
_SendNum                    text572      3DC
_SendNum$4581               cstackCOMMON 075
_SendNum$4582               cstackCOMMON 077
_T0IE                       (abs)        05D
_T0IF                       (abs)        05A
_T1CON                      (abs)        010
_T2CON                      (abs)        012
_TMR0                       (abs)        001
_TMR1H                      (abs)        00F
_TMR1IE                     (abs)        460
_TMR1IF                     (abs)        060
_TMR1L                      (abs)        00E
_TMR1ON                     (abs)        080
_TMR2                       (abs)        011
_TMR2IE                     (abs)        461
_TMR2IF                     (abs)        061
_TRISA                      (abs)        085
_TRISC                      (abs)        087
_WPUA                       (abs)        095
_WPUC                       (abs)        088
_WR                         (abs)        4E8
_WREN                       (abs)        C62
__Habs1                     abs1         000
__Hbank0                    bank0        000
__Hbank1                    bank1        000
__Hbank2                    bank2        000
__HbssBANK0                 bssBANK0     000
__Hcinit                    cinit        000
__Hclrtext                  clrtext      000
__Hcode                     code         000
__Hcommon                   common       000
__Hconfig                   config       000
__HcstackBANK0              cstackBANK0  000
__HcstackCOMMON             cstackCOMMON 000
__HdataBANK0                dataBANK0    000
__Heeprom_data              eeprom_data  000
__Hend_init                 end_init     00B
__Hfunctab                  functab      000
__HidataBANK0               idataBANK0   000
__Hidloc                    idloc        000
__Hinit                     init         00A
__Hinittext                 inittext     000
__Hintentry                 intentry     00A
__Hmaintext                 maintext     000
__Hpa_nodes                 pa_nodes     000
__Hpowerup                  powerup      000
__Hram                      ram          000
__Hreset_vec                reset_vec    001
__Hsfr0                     sfr0         000
__Hsfr1                     sfr1         000
__Hsfr2                     sfr2         000
__Hstrings                  strings      000
__Htext                     text         000
__Labs1                     abs1         000
__Lbank0                    bank0        000
__Lbank1                    bank1        000
__Lbank2                    bank2        000
__LbssBANK0                 bssBANK0     000
__Lcinit                    cinit        000
__Lclrtext                  clrtext      000
__Lcode                     code         000
__Lcommon                   common       000
__Lconfig                   config       000
__LcstackBANK0              cstackBANK0  000
__LcstackCOMMON             cstackCOMMON 000
__LdataBANK0                dataBANK0    000
__Leeprom_data              eeprom_data  000
__Lend_init                 end_init     00A
__Lfunctab                  functab      000
__LidataBANK0               idataBANK0   000
__Lidloc                    idloc        000
__Linit                     init         00A
__Linittext                 inittext     000
__Lintentry                 intentry     004
__Lmaintext                 maintext     000
__Lpa_nodes                 pa_nodes     000
__Lpowerup                  powerup      000
__Lram                      ram          000
__Lreset_vec                reset_vec    000
__Lsfr0                     sfr0         000
__Lsfr1                     sfr1         000
__Lsfr2                     sfr2         000
__Lstrings                  strings      000
__Ltext                     text         000
__S0                        (abs)        5F2
__S1                        (abs)        07C
__S2                        (abs)        000
___bmul                     text584      59A
___bmul@multiplicand        cstackCOMMON 072
___bmul@multiplier          cstackCOMMON 074
___bmul@product             cstackCOMMON 073
___lbdiv                    text583      4DC
___lbdiv@counter            cstackCOMMON 074
___lbdiv@dividend           cstackCOMMON 073
___lbdiv@divisor            cstackCOMMON 072
___lbdiv@quotient           cstackCOMMON 075
__end_of_ISR                text593      56C
__end_of_SET_EPWM_ON        text586      50F
__end_of_SendNum            text572      402
__end_of___bmul             text584      5A8
__end_of___lbdiv            text583      4F7
__end_of_beep               text574      4C0
__end_of_comArr             text588      4A4
__end_of_delay_x10ms        text578      57C
__end_of_eepromReadBlock    text581      55B
__end_of_eepromReadByte     text589      5EA
__end_of_eepromWriteBlock   text575      538
__end_of_eepromWriteByte    text580      425
__end_of_get_RFID           text579      362
__end_of_gpio_init          text592      59A
__end_of_id_clear           text570      466
__end_of_id_replate         text571      3AD
__end_of_id_search          text577      4DC
__end_of_int_init           text590      54A
__end_of_main               maintext     22C
__end_of_setState           text585      5CD
__end_of_swUartSendByte     text576      3DC
__end_of_swUartSendString   text573      5C2
__end_of_sys_init           text582      5D7
__end_of_timerOut           text587      446
__end_of_timer_init         text591      5E1
__pbssBANK0                 bssBANK0     05A
__pcstackBANK0              cstackBANK0  03F
__pcstackCOMMON             cstackCOMMON 070
__pdataBANK0                dataBANK0    020
__pidataBANK0               idataBANK0   466
__pintentry                 intentry     004
__pmaintext                 maintext     00B
__pstrings                  strings      5A8
__pswtext1                  swtext1      5EA
__ptext570                  text570      446
__ptext571                  text571      379
__ptext572                  text572      3DC
__ptext573                  text573      5B5
__ptext574                  text574      4A4
__ptext575                  text575      526
__ptext576                  text576      3B4
__ptext577                  text577      4C0
__ptext578                  text578      56C
__ptext579                  text579      22C
__ptext580                  text580      402
__ptext581                  text581      54A
__ptext582                  text582      5CD
__ptext583                  text583      4DC
__ptext584                  text584      59A
__ptext585                  text585      5C2
__ptext586                  text586      4F7
__ptext587                  text587      425
__ptext588                  text588      485
__ptext589                  text589      5E1
__ptext590                  text590      538
__ptext591                  text591      5D7
__ptext592                  text592      58B
__ptext593                  text593      55B
__ptext594                  text594      000
__size_of_ISR               (abs)        000
__size_of_SET_EPWM_ON       (abs)        000
__size_of_SendNum           (abs)        000
__size_of___bmul            (abs)        000
__size_of___lbdiv           (abs)        000
__size_of_beep              (abs)        000
__size_of_comArr            (abs)        000
__size_of_delay_x10ms       (abs)        000
__size_of_eepromReadBlock   (abs)        000
__size_of_eepromReadByte    (abs)        000
__size_of_eepromWriteBlock  (abs)        000
__size_of_eepromWriteByte   (abs)        000
__size_of_get_RFID          (abs)        000
__size_of_gpio_init         (abs)        000
__size_of_id_clear          (abs)        000
__size_of_id_replate        (abs)        000
__size_of_id_search         (abs)        000
__size_of_int_init          (abs)        000
__size_of_main              (abs)        000
__size_of_setState          (abs)        000
__size_of_swUartSendByte    (abs)        000
__size_of_swUartSendString  (abs)        000
__size_of_sys_init          (abs)        000
__size_of_timerOut          (abs)        000
__size_of_timer_init        (abs)        000
_beep                       text574      4A4
_buffTag                    dataBANK0    026
_buzFre                     dataBANK0    025
_comArr                     text588      485
_delay_x10ms                text578      56C
_eepromReadBlock            text581      54A
_eepromReadByte             text589      5E1
_eepromWriteBlock           text575      526
_eepromWriteByte            text580      402
_exit                       init         00A
_get_RFID                   text579      22C
_gpio_init                  text592      58B
_id_clear                   text570      446
_id_replate                 text571      379
_id_search                  text577      4C0
_int_init                   text590      538
_keyID                      bssBANK0     060
_main                       maintext     00B
_mtState                    bssBANK0     05F
_setState                   text585      5C2
_swUartSendByte             text576      3B4
_swUartSendString           text573      5B5
_sys_init                   text582      5CD
_timeOut                    bssBANK0     05A
_timeTick                   bssBANK0     05C
_timerOut                   text587      425
_timer_init                 text591      5D7
beep@delay                  cstackCOMMON 076
beep@rep                    cstackCOMMON 075
btemp                       (abs)        07E
comArr@arr1                 cstackCOMMON 078
comArr@arr2                 cstackCOMMON 072
comArr@i                    cstackCOMMON 079
comArr@len1                 cstackCOMMON 073
comArr@len2                 cstackCOMMON 074
delay_x10ms@t               cstackCOMMON 074
eepromReadBlock@addStart    cstackCOMMON 077
eepromReadBlock@buff        cstackCOMMON 074
eepromReadBlock@i           cstackCOMMON 078
eepromReadBlock@len         cstackCOMMON 075
eepromReadByte@EEAddr       cstackCOMMON 072
eepromReadByte@ReEepromData cstackCOMMON 073
eepromWriteBlock@addStart   cstackCOMMON 079
eepromWriteBlock@buff       cstackCOMMON 076
eepromWriteBlock@i          cstackCOMMON 07A
eepromWriteBlock@len        cstackCOMMON 077
eepromWriteByte@EEAddr      cstackCOMMON 075
eepromWriteByte@EEData      cstackCOMMON 072
end_of_initialization       cinit        524
get_RFID@RF_serial_55bits   cstackBANK0  03F
get_RFID@even_col           cstackBANK0  04B
get_RFID@even_row           cstackBANK0  04C
get_RFID@flag_RFID_last     cstackBANK0  04F
get_RFID@flag_RFID_syn      cstackBANK0  04A
get_RFID@i                  cstackBANK0  04E
get_RFID@ii                 cstackBANK0  052
get_RFID@j                  cstackBANK0  04D
get_RFID@timeOutVal         cstackBANK0  050
i1l6215                                     
i1l6221                                     
id_clear@F971               dataBANK0    020
id_clear@idMax              cstackBANK0  043
id_clear@idMin              cstackBANK0  049
id_clear@tmp                cstackBANK0  044
id_replate@Cont             cstackBANK0  03F
id_replate@buff             cstackBANK0  040
id_replate@id               cstackCOMMON 07B
id_search@buff              cstackCOMMON 07A
id_search@i                 cstackBANK0  040
id_search@id_input          cstackBANK0  03F
init_fetch                  inittext     57C
init_ram                    inittext     580
interrupt_function          intentry     004
intlevel0                   functab      000
intlevel1                   functab      000
intlevel2                   functab      000
intlevel3                   functab      000
intlevel4                   functab      000
intlevel5                   functab      000
l1316                                       
l1322                                       
l1331                                       
l1337                                       
l2753                                       
l3447                                       
l3453                                       
l3460                                       
l3469                                       
l3477                                       
l4201                                       
l4207                                       
l4218                                       
l4884                                       
l4920                                       
l6107                                       
l6109                                       
l6111                                       
l6113                                       
l6115                                       
l6117                                       
l6119                                       
l6121                                       
l6123                                       
l6125                                       
l6127                                       
l6129                                       
l6131                                       
l6133                                       
l6135                                       
l6137                                       
l6139                                       
l6141                                       
l6143                                       
l6147                                       
l6179                                       
l6181                                       
l6183                                       
l6185                                       
l6199                                       
l6201                                       
l6203                                       
l6205                                       
l6207                                       
l6209                                       
l6213                                       
l6225                                       
l6227                                       
l6229                                       
l6231                                       
l6239                                       
l6241                                       
l6247                                       
l6249                                       
l6251                                       
l6257                                       
l6261                                       
l6265                                       
l6271                                       
l6273                                       
l6275                                       
l6279                                       
l6283                                       
l6287                                       
l6289                                       
l6293                                       
l6295                                       
l6297                                       
l6301                                       
l6309                                       
l6317                                       
l6321                                       
l6331                                       
l6343                                       
l6349                                       
l6357                                       
l6365                                       
l6369                                       
l6371                                       
l6377                                       
l6381                                       
l6403                                       
l6405                                       
l6417                                       
l6423                                       
l6431                                       
l6433                                       
l6441                                       
l6445                                       
l6447                                       
l6453                                       
l6457                                       
l6469                                       
l6471                                       
l6479                                       
l6481                                       
l6489                                       
l6495                                       
l6499                                       
l6501                                       
l6503                                       
l6505                                       
l6517                                       
l6523                                       
l6537                                       
l654                                        
l6543                                       
l6545                                       
l6547                                       
l6553                                       
l6555                                       
l6557                                       
l6559                                       
l6561                                       
l6565                                       
l6569                                       
l657                                        
l6571                                       
l6573                                       
l6575                                       
l6577                                       
l6579                                       
l6581                                       
l6585                                       
l6589                                       
l6593                                       
l6595                                       
l660                                        
l6603                                       
l6605                                       
l6607                                       
l6615                                       
l6617                                       
l6619                                       
l6621                                       
l6623                                       
l6625                                       
l6627                                       
l6629                                       
l663                                        
l6633                                       
l6637                                       
l6639                                       
l6641                                       
l6643                                       
l6645                                       
l6647                                       
l6649                                       
l6651                                       
l6653                                       
l6655                                       
l6657                                       
l6659                                       
l6661                                       
l6675                                       
l6679                                       
l6681                                       
l6695                                       
l6697                                       
l6699                                       
l6711                                       
l6713                                       
l6715                                       
l6717                                       
l6719                                       
l6721                                       
l6737                                       
l6739                                       
l6741                                       
l6743                                       
l6757                                       
l6761                                       
l6763                                       
l6765                                       
l6773                                       
l6775                                       
l6777                                       
l6785                                       
l6789                                       
l6791                                       
l6801                                       
l6805                                       
l6807                                       
l6815                                       
l6819                                       
l6829                                       
l6835                                       
l6837                                       
l6839                                       
l6843                                       
l6845                                       
l6847                                       
l6851                                       
l6855                                       
l6869                                       
main@idState                cstackBANK0  057
main@idop                   cstackBANK0  058
main@t1                     cstackBANK0  056
main@tmp                    cstackBANK0  059
reset_vec                   reset_vec    000
saved_w                     (abs)        07E
setState@_tOut              cstackCOMMON 072
setState@stt                cstackCOMMON 074
start                       init         00A
start_initialization        cinit        50F
swUartSendByte@dat          cstackCOMMON 073
swUartSendByte@i            cstackCOMMON 074
swUartSendString@str        cstackCOMMON 075
timerOut@CurTimer           cstackCOMMON 075
timerOut@Logic              cstackCOMMON 074
timerOut@time               cstackCOMMON 072
wtemp0                      (abs)        07E
